.next/types/validator.ts(441,31): error TS2344: Type 'typeof import("D:/Coding Projects/TSX Studio/app/api/templates/[slug]/use/route")' does not satisfy the constraint 'RouteHandlerConfig<"/api/templates/[slug]/use">'.
  Types of property 'POST' are incompatible.
    Type '(req: NextRequest, { params }: { params: { slug: string; }; }) => Promise<NextResponse<{ success: boolean; projectId: string; }> | NextResponse<{ error: any; }>>' is not assignable to type '(request: NextRequest, context: { params: Promise<{ slug: string; }>; }) => void | Response | Promise<void | Response>'.
      Types of parameters '__1' and 'context' are incompatible.
        Type '{ params: Promise<{ slug: string; }>; }' is not assignable to type '{ params: { slug: string; }; }'.
          Types of property 'params' are incompatible.
            Property 'slug' is missing in type 'Promise<{ slug: string; }>' but required in type '{ slug: string; }'.
app/api/templates/[slug]/use/route.ts(39,21): error TS2353: Object literal may only specify known properties, and 'type' does not exist in type 'Without<ProjectCreateInput, ProjectUncheckedCreateInput> & ProjectUncheckedCreateInput'.
